
> elevare_ai_neurovendas@1.0.0 build C:\Users\Carine\Downloads\Elevador.Lucr-sia-main (1)\Elevador.Lucr-sia-main
> vite build && esbuild server/_core/index.ts --platform=node --packages=external --bundle --format=esm --outdir=dist

node.exe : NODE_ENV=production is not supported in the .env file. 
Only NODE_ENV=development is supported to create a development 
build of your project. If you need to set process.env.NODE_ENV, 
you can set it in the Vite config instead.
No C:\Users\Carine\AppData\Roaming\npm\pnpm.ps1:24 caractere:5
+     & "node$exe"  "$basedir/node_modules/pnpm/bin/pnpm.cjs" 
$args
+     
~~~~~~~~~~~~~~~~~~~~~~~~~~~~~~~~~~~~~~~~~~~~~~~~~~~~~~~~~~~~~
    + CategoryInfo          : NotSpecified: (NODE_ENV=produc...co 
   nfig instead.:String) [], RemoteException
    + FullyQualifiedErrorId : NativeCommandError
 
[36mvite v5.4.21 [32mbuilding for production...[36m[39m
transforming...
